{
  "version": "1.5.0",
  "plugins_used": [
    {"name": "ArtifactoryDetector"},
    {"name": "AWSKeyDetector"},
    {"name": "Base64HighEntropyString", "limit": 4.5},
    {"name": "HexHighEntropyString", "limit": 3.0},
    {"name": "KeywordDetector", "keyword_exclude": ""},
    {"name": "PrivateKeyDetector"},
    {"name": "SlackDetector"}
  ],
  "filters_used": [
    {"path": "detect_secrets.filters.allowlist.is_line_allowlisted"},
    {"path": "detect_secrets.filters.common.is_baseline_file", "filename": ".secrets.baseline"}
  ],
  "results": {},
  "generated_at": "2026-02-27T00:00:00Z"
}
